// Jest Snapshot v1, https://goo.gl/fbAQLP

exports[`mathes snapshot 1`] = `<div />`;
