// Jest Snapshot v1, https://goo.gl/fbAQLP

exports[`matches snapshot 1`] = `
<div>
  <div>
    <p>
      Test Label
    </p>
    <div
      class="DayPickerInput"
    >
      <input
        placeholder="YYYY-M-D"
        value="14/9/2021"
      />
    </div>
  </div>
</div>
`;
