// Jest Snapshot v1, https://goo.gl/fbAQLP

exports[`matches snapshot 1`] = `
<div>
  <div
    id="chartdiv"
  >
    <div
      data-testid="chart"
      id="singlevar"
    />
  </div>
</div>
`;
